[    0.000000] Linux version 4.15.0-70-generic (buildd@lgw01-amd64-055) (gcc version 7.4.0 (Ubuntu 7.4.0-1ubuntu1~18.04.1)) #79-Ubuntu SMP Tue Nov 12 10:36:11 UTC 2019 (Ubuntu 4.15.0-70.79-generic 4.15.18)
[    0.000000] Command line: BOOT_IMAGE=/boot/vmlinuz-4.15.0-70-generic root=LABEL=cloudimg-rootfs ro console=tty1 console=ttyS0
[    0.000000] KERNEL supported cpus:
[    0.000000]   Intel GenuineIntel
[    0.000000]   AMD AuthenticAMD
[    0.000000]   Centaur CentaurHauls
[    0.000000] x86/fpu: Supporting XSAVE feature 0x001: 'x87 floating point registers'
[    0.000000] x86/fpu: Supporting XSAVE feature 0x002: 'SSE registers'
[    0.000000] x86/fpu: Supporting XSAVE feature 0x004: 'AVX registers'
[    0.000000] x86/fpu: xstate_offset[2]:  576, xstate_sizes[2]:  256
[    0.000000] x86/fpu: Enabled xstate features 0x7, context size is 832 bytes, using 'standard' format.
[    0.000000] e820: BIOS-provided physical RAM map:
[    0.000000] BIOS-e820: [mem 0x0000000000000000-0x000000000009fbff] usable
[    0.000000] BIOS-e820: [mem 0x000000000009fc00-0x000000000009ffff] reserved
[    0.000000] BIOS-e820: [mem 0x00000000000f0000-0x00000000000fffff] reserved
[    0.000000] BIOS-e820: [mem 0x0000000000100000-0x000000003ffeffff] usable
[    0.000000] BIOS-e820: [mem 0x000000003fff0000-0x000000003fffffff] ACPI data
[    0.000000] BIOS-e820: [mem 0x00000000fec00000-0x00000000fec00fff] reserved
[    0.000000] BIOS-e820: [mem 0x00000000fee00000-0x00000000fee00fff] reserved
[    0.000000] BIOS-e820: [mem 0x00000000fffc0000-0x00000000ffffffff] reserved
[    0.000000] NX (Execute Disable) protection: active
[    0.000000] SMBIOS 2.5 present.
[    0.000000] DMI: innotek GmbH VirtualBox/VirtualBox, BIOS VirtualBox 12/01/2006
[    0.000000] Hypervisor detected: KVM
[    0.000000] e820: last_pfn = 0x3fff0 max_arch_pfn = 0x400000000
[    0.000000] MTRR: Disabled
[    0.000000] x86/PAT: MTRRs disabled, skipping PAT initialization too.
[    0.000000] CPU MTRRs all blank - virtualized system.
[    0.000000] x86/PAT: Configuration [0-7]: WB  WT  UC- UC  WB  WT  UC- UC  
[    0.000000] found SMP MP-table at [mem 0x0009fff0-0x0009ffff]
[    0.000000] Scanning 1 areas for low memory corruption
[    0.000000] RAMDISK: [mem 0x35a8b000-0x36d3cfff]
[    0.000000] ACPI: Early table checksum verification disabled
[    0.000000] ACPI: RSDP 0x00000000000E0000 000024 (v02 VBOX  )
[    0.000000] ACPI: XSDT 0x000000003FFF0030 00003C (v01 VBOX   VBOXXSDT 00000001 ASL  00000061)
[    0.000000] ACPI: FACP 0x000000003FFF00F0 0000F4 (v04 VBOX   VBOXFACP 00000001 ASL  00000061)
[    0.000000] ACPI: DSDT 0x000000003FFF0470 0022EA (v02 VBOX   VBOXBIOS 00000002 INTL 20100528)
[    0.000000] ACPI: FACS 0x000000003FFF0200 000040
[    0.000000] ACPI: FACS 0x000000003FFF0200 000040
[    0.000000] ACPI: APIC 0x000000003FFF0240 00005C (v02 VBOX   VBOXAPIC 00000001 ASL  00000061)
[    0.000000] ACPI: SSDT 0x000000003FFF02A0 0001CC (v01 VBOX   VBOXCPUT 00000002 INTL 20100528)
[    0.000000] No NUMA configuration found
[    0.000000] Faking a node at [mem 0x0000000000000000-0x000000003ffeffff]
[    0.000000] NODE_DATA(0) allocated [mem 0x3ffc5000-0x3ffeffff]
[    0.000000] kvm-clock: cpu 0, msr 0:3ff44001, primary cpu clock
[    0.000000] kvm-clock: Using msrs 4b564d01 and 4b564d00
[    0.000000] kvm-clock: using sched offset of 4005477689 cycles
[    0.000000] clocksource: kvm-clock: mask: 0xffffffffffffffff max_cycles: 0x1cd42e4dffb, max_idle_ns: 881590591483 ns
[    0.000000] Zone ranges:
[    0.000000]   DMA      [mem 0x0000000000001000-0x0000000000ffffff]
[    0.000000]   DMA32    [mem 0x0000000001000000-0x000000003ffeffff]
[    0.000000]   Normal   empty
[    0.000000]   Device   empty
[    0.000000] Movable zone start for each node
[    0.000000] Early memory node ranges
[    0.000000]   node   0: [mem 0x0000000000001000-0x000000000009efff]
[    0.000000]   node   0: [mem 0x0000000000100000-0x000000003ffeffff]
[    0.000000] Reserved but unavailable: 98 pages
[    0.000000] Initmem setup node 0 [mem 0x0000000000001000-0x000000003ffeffff]
[    0.000000] ACPI: PM-Timer IO Port: 0x4008
[    0.000000] IOAPIC[0]: apic_id 2, version 32, address 0xfec00000, GSI 0-23
[    0.000000] ACPI: INT_SRC_OVR (bus 0 bus_irq 0 global_irq 2 dfl dfl)
[    0.000000] ACPI: INT_SRC_OVR (bus 0 bus_irq 9 global_irq 9 low level)
[    0.000000] Using ACPI (MADT) for SMP configuration information
[    0.000000] smpboot: Allowing 2 CPUs, 0 hotplug CPUs
[    0.000000] PM: Registered nosave memory: [mem 0x00000000-0x00000fff]
[    0.000000] PM: Registered nosave memory: [mem 0x0009f000-0x0009ffff]
[    0.000000] PM: Registered nosave memory: [mem 0x000a0000-0x000effff]
[    0.000000] PM: Registered nosave memory: [mem 0x000f0000-0x000fffff]
[    0.000000] e820: [mem 0x40000000-0xfebfffff] available for PCI devices
[    0.000000] Booting paravirtualized kernel on KVM
[    0.000000] clocksource: refined-jiffies: mask: 0xffffffff max_cycles: 0xffffffff, max_idle_ns: 7645519600211568 ns
[    0.000000] random: get_random_bytes called from start_kernel+0x99/0x4fd with crng_init=0
[    0.000000] setup_percpu: NR_CPUS:8192 nr_cpumask_bits:2 nr_cpu_ids:2 nr_node_ids:1
[    0.000000] percpu: Embedded 45 pages/cpu s147456 r8192 d28672 u1048576
[    0.000000] PV qspinlock hash table entries: 256 (order: 0, 4096 bytes)
[    0.000000] Built 1 zonelists, mobility grouping on.  Total pages: 257913
[    0.000000] Policy zone: DMA32
[    0.000000] Kernel command line: BOOT_IMAGE=/boot/vmlinuz-4.15.0-70-generic root=LABEL=cloudimg-rootfs ro console=tty1 console=ttyS0
[    0.000000] Memory: 983444K/1048120K available (12300K kernel code, 2481K rwdata, 4264K rodata, 2432K init, 2388K bss, 64676K reserved, 0K cma-reserved)
[    0.000000] SLUB: HWalign=64, Order=0-3, MinObjects=0, CPUs=2, Nodes=1
[    0.000000] Kernel/User page tables isolation: enabled
[    0.000000] ftrace: allocating 39315 entries in 154 pages
[    0.004000] Hierarchical RCU implementation.
[    0.004000] 	RCU restricting CPUs from NR_CPUS=8192 to nr_cpu_ids=2.
[    0.004000] 	Tasks RCU enabled.
[    0.004000] RCU: Adjusting geometry for rcu_fanout_leaf=16, nr_cpu_ids=2
[    0.004000] NR_IRQS: 524544, nr_irqs: 440, preallocated irqs: 16
[    0.004000] Console: colour VGA+ 80x25
[    0.004000] console [tty1] enabled
[    0.004000] console [ttyS0] enabled
[    0.004000] ACPI: Core revision 20170831
[    0.004000] ACPI: 2 ACPI AML tables successfully acquired and loaded
[    0.004000] APIC: Switch to symmetric I/O mode setup
[    0.004000] x2apic enabled
[    0.004000] Switched APIC routing to physical x2apic.
[    0.005072] ..TIMER: vector=0x30 apic1=0 pin1=2 apic2=-1 pin2=-1
[    0.008002] tsc: Detected 2699.998 MHz processor
[    0.012010] Calibrating delay loop (skipped) preset value.. 5399.99 BogoMIPS (lpj=10799992)
[    0.014380] pid_max: default: 32768 minimum: 301
[    0.016030] Security Framework initialized
[    0.017220] Yama: becoming mindful.
[    0.018266] AppArmor: AppArmor initialized
[    0.020053] Dentry cache hash table entries: 131072 (order: 8, 1048576 bytes)
[    0.022157] Inode-cache hash table entries: 65536 (order: 7, 524288 bytes)
[    0.024014] Mount-cache hash table entries: 2048 (order: 2, 16384 bytes)
[    0.025894] Mountpoint-cache hash table entries: 2048 (order: 2, 16384 bytes)
[    0.028265] Last level iTLB entries: 4KB 64, 2MB 8, 4MB 8
[    0.032004] Last level dTLB entries: 4KB 64, 2MB 0, 4MB 0, 1GB 4
[    0.033701] Spectre V1 : Mitigation: usercopy/swapgs barriers and __user pointer sanitization
[    0.036000] Spectre V2 : Mitigation: Full generic retpoline
[    0.036002] Spectre V2 : Spectre v2 / SpectreRSB mitigation: Filling RSB on context switch
[    0.038373] Speculative Store Bypass: Vulnerable
[    0.040043] MDS: Vulnerable: Clear CPU buffers attempted, no microcode
[    0.042022] Freeing SMP alternatives memory: 36K
[    0.153568] smpboot: CPU0: Intel(R) Core(TM) i5-5257U CPU @ 2.70GHz (family: 0x6, model: 0x3d, stepping: 0x4)
[    0.156000] Performance Events: unsupported p6 CPU model 61 no PMU driver, software events only.
[    0.156034] Hierarchical SRCU implementation.
[    0.157830] NMI watchdog: Perf event create on CPU 0 failed with -2
[    0.160002] NMI watchdog: Perf NMI watchdog permanently disabled
[    0.161736] smp: Bringing up secondary CPUs ...
[    0.164087] x86: Booting SMP configuration:
[    0.165304] .... node  #0, CPUs:      #1
[    0.004000] kvm-clock: cpu 1, msr 0:3ff44041, secondary cpu clock
[    0.171202] smp: Brought up 1 node, 2 CPUs
[    0.172005] smpboot: Max logical packages: 1
[    0.173266] smpboot: Total of 2 processors activated (10799.99 BogoMIPS)
[    0.176123] devtmpfs: initialized
[    0.177032] x86/mm: Memory block size: 128MB
[    0.178372] evm: security.selinux
[    0.179376] evm: security.SMACK64
[    0.180003] evm: security.SMACK64EXEC
[    0.181060] evm: security.SMACK64TRANSMUTE
[    0.182230] evm: security.SMACK64MMAP
[    0.183360] evm: security.apparmor
[    0.184004] evm: security.ima
[    0.184914] evm: security.capability
[    0.186028] clocksource: jiffies: mask: 0xffffffff max_cycles: 0xffffffff, max_idle_ns: 7645041785100000 ns
[    0.188013] futex hash table entries: 512 (order: 3, 32768 bytes)
[    0.192029] pinctrl core: initialized pinctrl subsystem
[    0.193641] RTC time: 15:07:54, date: 11/20/19
[    0.196180] NET: Registered protocol family 16
[    0.197514] audit: initializing netlink subsys (disabled)
[    0.199136] audit: type=2000 audit(1574262479.914:1): state=initialized audit_enabled=0 res=1
[    0.200022] cpuidle: using governor ladder
[    0.201220] cpuidle: using governor menu
[    0.204038] ACPI: bus type PCI registered
[    0.205193] acpiphp: ACPI Hot Plug PCI Controller Driver version: 0.5
[    0.208093] PCI: Using configuration type 1 for base access
[    0.209677] HugeTLB registered 2.00 MiB page size, pre-allocated 0 pages
[    0.212085] ACPI: Added _OSI(Module Device)
[    0.213322] ACPI: Added _OSI(Processor Device)
[    0.216004] ACPI: Added _OSI(3.0 _SCP Extensions)
[    0.217341] ACPI: Added _OSI(Processor Aggregator Device)
[    0.218849] ACPI: Added _OSI(Linux-Dell-Video)
[    0.220002] ACPI: Added _OSI(Linux-Lenovo-NV-HDMI-Audio)
[    0.221488] ACPI: Added _OSI(Linux-HPI-Hybrid-Graphics)
[    0.223520] ACPI: Executed 1 blocks of module-level executable AML code
[    0.229425] ACPI: Interpreter enabled
[    0.230502] ACPI: (supports S0 S5)
[    0.231572] ACPI: Using IOAPIC for interrupt routing
[    0.232216] PCI: Using host bridge windows from ACPI; if necessary, use "pci=nocrs" and report a bug
[    0.235060] ACPI: Enabled 2 GPEs in block 00 to 07
[    0.245310] ACPI: PCI Root Bridge [PCI0] (domain 0000 [bus 00-ff])
[    0.247078] acpi PNP0A03:00: _OSC: OS supports [ASPM ClockPM Segments MSI]
[    0.248438] acpi PNP0A03:00: _OSC: not requesting OS control; OS requires [ExtendedConfig ASPM ClockPM MSI]
[    0.252014] acpi PNP0A03:00: fail to add MMCONFIG information, can't access extended PCI configuration space under this bridge.
[    0.255778] PCI host bridge to bus 0000:00
[    0.256004] pci_bus 0000:00: root bus resource [io  0x0000-0x0cf7 window]
[    0.257874] pci_bus 0000:00: root bus resource [io  0x0d00-0xffff window]
[    0.260002] pci_bus 0000:00: root bus resource [mem 0x000a0000-0x000bffff window]
[    0.262174] pci_bus 0000:00: root bus resource [mem 0x40000000-0xfdffffff window]
[    0.264003] pci_bus 0000:00: root bus resource [bus 00-ff]
[    0.271305] pci 0000:00:01.1: legacy IDE quirk: reg 0x10: [io  0x01f0-0x01f7]
[    0.272003] pci 0000:00:01.1: legacy IDE quirk: reg 0x14: [io  0x03f6]
[    0.273819] pci 0000:00:01.1: legacy IDE quirk: reg 0x18: [io  0x0170-0x0177]
[    0.276004] pci 0000:00:01.1: legacy IDE quirk: reg 0x1c: [io  0x0376]
[    0.303555] pci 0000:00:07.0: quirk: [io  0x4000-0x403f] claimed by PIIX4 ACPI
[    0.304027] pci 0000:00:07.0: quirk: [io  0x4100-0x410f] claimed by PIIX4 SMB
[    0.316962] ACPI: PCI Interrupt Link [LNKA] (IRQs 5 9 10 *11)
[    0.319002] ACPI: PCI Interrupt Link [LNKB] (IRQs 5 9 *10 11)
[    0.320169] ACPI: PCI Interrupt Link [LNKC] (IRQs 5 *9 10 11)
[    0.321949] ACPI: PCI Interrupt Link [LNKD] (IRQs 5 9 10 *11)
[    0.324408] SCSI subsystem initialized
[    0.325944] pci 0000:00:02.0: vgaarb: setting as boot VGA device
[    0.325944] pci 0000:00:02.0: vgaarb: VGA device added: decodes=io+mem,owns=io+mem,locks=none
[    0.328014] pci 0000:00:02.0: vgaarb: bridge control possible
[    0.332003] vgaarb: loaded
[    0.332870] ACPI: bus type USB registered
[    0.334054] usbcore: registered new interface driver usbfs
[    0.336018] usbcore: registered new interface driver hub
[    0.337576] usbcore: registered new device driver usb
[    0.340079] EDAC MC: Ver: 3.0.0
[    0.341404] PCI: Using ACPI for IRQ routing
[    0.342001] NetLabel: Initializing
[    0.344009] NetLabel:  domain hash size = 128
[    0.345793] NetLabel:  protocols = UNLABELED CIPSOv4 CALIPSO
[    0.348028] NetLabel:  unlabeled traffic allowed by default
[    0.349687] clocksource: Switched to clocksource kvm-clock
[    0.363718] VFS: Disk quotas dquot_6.6.0
[    0.366042] VFS: Dquot-cache hash table entries: 512 (order 0, 4096 bytes)
[    0.368988] AppArmor: AppArmor Filesystem Enabled
[    0.371046] pnp: PnP ACPI init
[    0.375847] pnp: PnP ACPI: found 3 devices
[    0.396107] clocksource: acpi_pm: mask: 0xffffff max_cycles: 0xffffff, max_idle_ns: 2085701024 ns
[    0.401603] NET: Registered protocol family 2
[    0.404727] TCP established hash table entries: 8192 (order: 4, 65536 bytes)
[    0.409216] TCP bind hash table entries: 8192 (order: 5, 131072 bytes)
[    0.415375] TCP: Hash tables configured (established 8192 bind 8192)
[    0.418727] UDP hash table entries: 512 (order: 2, 16384 bytes)
[    0.422306] UDP-Lite hash table entries: 512 (order: 2, 16384 bytes)
[    0.426125] NET: Registered protocol family 1
[    0.428738] pci 0000:00:00.0: Limiting direct PCI/PCI transfers
[    0.431845] pci 0000:00:01.0: Activating ISA DMA hang workarounds
[    0.435428] pci 0000:00:02.0: Video device with shadowed ROM at [mem 0x000c0000-0x000dffff]
[    0.440256] Unpacking initramfs...
[    0.731571] Freeing initrd memory: 19144K
[    0.732999] clocksource: tsc: mask: 0xffffffffffffffff max_cycles: 0x26eb3cc21a9, max_idle_ns: 440795299783 ns
[    0.736228] platform rtc_cmos: registered platform RTC device (no PNP device found)
[    0.738670] Scanning for low memory corruption every 60 seconds
[    0.741187] Initialise system trusted keyrings
[    0.742488] Key type blacklist registered
[    0.744250] workingset: timestamp_bits=36 max_order=18 bucket_order=0
[    0.746929] zbud: loaded
[    0.748231] squashfs: version 4.0 (2009/01/31) Phillip Lougher
[    0.750095] fuse init (API version 7.26)
[    0.754045] Key type asymmetric registered
[    0.755246] Asymmetric key parser 'x509' registered
[    0.756748] Block layer SCSI generic (bsg) driver version 0.4 loaded (major 246)
[    0.758903] io scheduler noop registered
[    0.760051] io scheduler deadline registered
[    0.761357] io scheduler cfq registered (default)
[    0.763243] ACPI: AC Adapter [AC] (on-line)
[    0.764630] input: Power Button as /devices/LNXSYSTM:00/LNXPWRBN:00/input/input0
[    0.766822] ACPI: Power Button [PWRF]
[    0.767999] input: Sleep Button as /devices/LNXSYSTM:00/LNXSLPBN:00/input/input1
[    0.770205] ACPI: Sleep Button [SLPF]
[    0.772111] Serial: 8250/16550 driver, 32 ports, IRQ sharing enabled
[    0.773522] ACPI: Battery Slot [BAT0] (battery present)
[    0.796358] 00:02: ttyS0 at I/O 0x3f8 (irq = 4, base_baud = 115200) is a 16550A
[    0.799667] Linux agpgart interface v0.103
[    0.802018] loop: module loaded
[    0.803800] scsi host0: ata_piix
[    0.805109] scsi host1: ata_piix
[    0.806094] ata1: PATA max UDMA/33 cmd 0x1f0 ctl 0x3f6 bmdma 0xd000 irq 14
[    0.807986] ata2: PATA max UDMA/33 cmd 0x170 ctl 0x376 bmdma 0xd008 irq 15
[    0.810083] libphy: Fixed MDIO Bus: probed
[    0.811408] tun: Universal TUN/TAP device driver, 1.6
[    0.812945] PPP generic driver version 2.4.2
[    0.814312] ehci_hcd: USB 2.0 'Enhanced' Host Controller (EHCI) Driver
[    0.816130] ehci-pci: EHCI PCI platform driver
[    0.817497] ehci-platform: EHCI generic platform driver
[    0.818985] ohci_hcd: USB 1.1 'Open' Host Controller (OHCI) Driver
[    0.820753] ohci-pci: OHCI PCI platform driver
[    0.822022] ohci-platform: OHCI generic platform driver
[    0.823529] uhci_hcd: USB Universal Host Controller Interface driver
[    0.825685] i8042: PNP: PS/2 Controller [PNP0303:PS2K,PNP0f03:PS2M] at 0x60,0x64 irq 1,12
[    0.828411] serio: i8042 KBD port at 0x60,0x64 irq 1
[    0.829881] serio: i8042 AUX port at 0x60,0x64 irq 12
[    0.831369] mousedev: PS/2 mouse device common for all mice
[    0.833653] rtc_cmos rtc_cmos: rtc core: registered rtc_cmos as rtc0
[    0.835558] input: AT Translated Set 2 keyboard as /devices/platform/i8042/serio0/input/input2
[    0.838141] rtc_cmos rtc_cmos: alarms up to one day, 114 bytes nvram
[    0.839932] i2c /dev entries driver
[    0.841068] device-mapper: uevent: version 1.0.3
[    0.842602] device-mapper: ioctl: 4.37.0-ioctl (2017-09-20) initialised: dm-devel@redhat.com
[    0.845377] ledtrig-cpu: registered to indicate activity on CPUs
[    0.847892] NET: Registered protocol family 10
[    0.852929] Segment Routing with IPv6
[    0.854150] NET: Registered protocol family 17
[    0.855568] Key type dns_resolver registered
[    0.857163] mce: Using 0 MCE banks
[    0.858211] RAS: Correctable Errors collector initialized.
[    0.859790] sched_clock: Marking stable (857135528, 0)->(1058772933, -201637405)
[    0.862725] registered taskstats version 1
[    0.863995] Loading compiled-in X.509 certificates
[    0.867643] Loaded X.509 cert 'Build time autogenerated kernel key: 1859b0531897959199376c446a0bd70df75fd1fc'
[    0.870544] zswap: loaded using pool lzo/zbud
[    0.875300] Key type big_key registered
[    0.876500] Key type trusted registered
[    0.879260] Key type encrypted registered
[    0.880662] AppArmor: AppArmor sha1 policy hashing enabled
[    0.882228] ima: No TPM chip found, activating TPM-bypass! (rc=-19)
[    0.884063] ima: Allocated hash algorithm: sha1
[    0.885594] evm: HMAC attrs: 0x1
[    0.886908]   Magic number: 11:190:134
[    0.888031] pci 0000:00:03.0: hash matches
[    0.889377] rtc_cmos rtc_cmos: setting system clock to 2019-11-20 15:07:55 UTC (1574262475)
[    0.891895] BIOS EDD facility v0.16 2004-Jun-25, 0 devices found
[    0.893793] EDD information not available.
[    0.972423] Freeing unused kernel image memory: 2432K
[    0.984491] Write protecting the kernel read-only data: 20480k
[    0.987339] Freeing unused kernel image memory: 2008K
[    0.989520] Freeing unused kernel image memory: 1880K
[    0.997726] x86/mm: Checked W+X mappings: passed, no W+X pages found.
[    0.999652] x86/mm: Checking user space page tables
[    1.006759] x86/mm: Checked W+X mappings: passed, no W+X pages found.
Loading, please wait...
starting version 237
[    1.070167] Fusion MPT base driver 3.04.20
[    1.071779] Copyright (c) 1999-2008 LSI Corporation
[    1.087715] e1000: Intel(R) PRO/1000 Network Driver - version 7.3.21-k8-NAPI
[    1.089866] e1000: Copyright (c) 1999-2006 Intel Corporation.
[    1.095428] Fusion MPT SPI Host driver 3.04.20
[    1.107153] AVX2 version of gcm_enc/dec engaged.
[    1.109365] AES CTR mode by8 optimization enabled
[    1.299855] input: ImExPS/2 Generic Explorer Mouse as /devices/platform/i8042/serio1/input/input4
[    1.563958] e1000 0000:00:03.0 eth0: (PCI:33MHz:32-bit) 02:00:53:70:0f:50
[    1.565932] e1000 0000:00:03.0 eth0: Intel(R) PRO/1000 Network Connection
[    1.569584] mptbase: ioc0: Initiating bringup
[    1.572444] e1000 0000:00:03.0 enp0s3: renamed from eth0
[    1.752144] ioc0: LSI53C1030 A0: Capabilities={Initiator}
[    3.611641] scsi host2: ioc0: LSI53C1030 A0, FwRev=00000000h, Ports=1, MaxQ=256, IRQ=20
[    3.846070] scsi 2:0:0:0: Direct-Access     VBOX     HARDDISK         1.0  PQ: 0 ANSI: 5
[    3.880310] scsi target2:0:0: Beginning Domain Validation
[    3.886422] scsi target2:0:0: Domain Validation skipping write tests
[    3.888334] scsi target2:0:0: Ending Domain Validation
[    3.889923] scsi target2:0:0: asynchronous
[    3.891823] scsi 2:0:1:0: Direct-Access     VBOX     HARDDISK         1.0  PQ: 0 ANSI: 5
[    3.924203] scsi target2:0:1: Beginning Domain Validation
[    3.928054] random: fast init done
[    3.929846] scsi target2:0:1: Domain Validation skipping write tests
[    3.931756] scsi target2:0:1: Ending Domain Validation
[    3.933394] scsi target2:0:1: asynchronous
[    3.939503] random: systemd-udevd: uninitialized urandom read (16 bytes read)
[    3.941629] random: systemd-udevd: uninitialized urandom read (16 bytes read)
[    3.941645] sd 2:0:0:0: Attached scsi generic sg0 type 0
[    3.943792] random: systemd-udevd: uninitialized urandom read (16 bytes read)
[    3.948079] sd 2:0:0:0: [sda] 20971520 512-byte logical blocks: (10.7 GB/10.0 GiB)
[    3.950521] sd 2:0:0:0: [sda] Write Protect is off
[    3.952021] sd 2:0:1:0: Attached scsi generic sg1 type 0
[    3.953862] sd 2:0:1:0: [sdb] 20480 512-byte logical blocks: (10.5 MB/10.0 MiB)
[    3.955989] sd 2:0:0:0: [sda] Incomplete mode parameter data
[    3.957851] sd 2:0:0:0: [sda] Assuming drive cache: write through
[    3.959574] sd 2:0:1:0: [sdb] Write Protect is off
[    3.961317] sd 2:0:1:0: [sdb] Incomplete mode parameter data
[    3.963020] sd 2:0:1:0: [sdb] Assuming drive cache: write through
[    3.966875]  sda: sda1
[    3.968928] sd 2:0:0:0: [sda] Attached SCSI disk
[    3.970834] sd 2:0:1:0: [sdb] Attached SCSI disk
Begin: Loading essential drivers ... [    5.409343] raid6: sse2x1   gen() 10540 MB/s
[    5.463929] raid6: sse2x1   xor()  8320 MB/s
[    5.512754] raid6: sse2x2   gen() 12460 MB/s
[    5.564019] raid6: sse2x2   xor()  8265 MB/s
[    5.615138] raid6: sse2x4   gen() 15368 MB/s
[    5.664781] raid6: sse2x4   xor()  9191 MB/s
[    5.713149] raid6: avx2x1   gen() 20276 MB/s
[    5.760341] raid6: avx2x1   xor() 13201 MB/s
[    5.808365] raid6: avx2x2   gen() 23231 MB/s
[    5.861831] raid6: avx2x2   xor() 15017 MB/s
[    5.912208] raid6: avx2x4   gen() 29027 MB/s
[    5.960089] raid6: avx2x4   xor() 12578 MB/s
[    5.962543] raid6: using algorithm avx2x4 gen() 29027 MB/s
[    5.965596] raid6: .... xor() 12578 MB/s, rmw enabled
[    5.968549] raid6: using avx2x2 recovery algorithm
[    5.975346] xor: automatically using best checksumming function   avx       
[    5.983209] async_tx: api initialized (async)
done.
Begin: Running /scripts/init-premount ... done.
Begin: Mounting root file system ... Begin: Running /scripts/local-top ... done.
Begin: Running /scripts/local-premount ... [    6.053430] Btrfs loaded, crc32c=crc32c-intel
Scanning for Btrfs filesystems
done.
Warning: fsck not present, so skipping root file system
[    6.083005] EXT4-fs (sda1): mounted filesystem with ordered data mode. Opts: (null)
done.
Begin: Running /scripts/local-bottom ... done.
Begin: Running /scripts/init-bottom ... done.
[    6.250779] ip_tables: (C) 2000-2006 Netfilter Core Team
[    6.266306] systemd[1]: systemd 237 running in system mode. (+PAM +AUDIT +SELINUX +IMA +APPARMOR +SMACK +SYSVINIT +UTMP +LIBCRYPTSETUP +GCRYPT +GNUTLS +ACL +XZ +LZ4 +SECCOMP +BLKID +ELFUTILS +KMOD -IDN2 +IDN -PCRE2 default-hierarchy=hybrid)
[    6.272389] systemd[1]: Detected virtualization oracle.
[    6.274096] systemd[1]: Detected architecture x86-64.

Welcome to [1mUbuntu 18.04.3 LTS[0m!

[    6.283027] systemd[1]: Set hostname to <ubuntu>.
[    6.288487] systemd[1]: Initializing machine ID from random generator.
[    6.290398] systemd[1]: Installed transient /etc/machine-id file.
[    6.481691] systemd[1]: Set up automount Arbitrary Executable File Formats File System Automount Point.
[[0;32m  OK  [0m] Set up automount Arbitrary Executabâ€¦rmats File System Automount Point.
[    6.486675] systemd[1]: Reached target User and Group Name Lookups.
[[0;32m  OK  [0m] Reached target User and Group Name Lookups.
[    6.492461] systemd[1]: Created slice User and Session Slice.
[[0;32m  OK  [0m] Created slice User and Session Slice.
[    6.495573] systemd[1]: Reached target Swap.
[[0;32m  OK  [0m] Reached target Swap.
[[0;32m  OK  [0m] Created slice System Slice.
[[0;32m  OK  [0m] Reached target Slices.
[[0;32m  OK  [0m] Listening on Device-mapper event daemon FIFOs.
[[0;32m  OK  [0m] Listening on udev Control Socket.
[[0;32m  OK  [0m] Listening on Journal Socket (/dev/log).
[[0;32m  OK  [0m] Listening on Syslog Socket.
[[0;32m  OK  [0m] Listening on LVM2 poll daemon socket.
[[0;32m  OK  [0m] Listening on udev Kernel Socket.
[[0;32m  OK  [0m] Listening on Network Service Netlink Socket.
[[0;32m  OK  [0m] Created slice system-serial\x2dgetty.slice.
[[0;32m  OK  [0m] Listening on /dev/initctl Compatibility Named Pipe.
[[0;32m  OK  [0m] Listening on Journal Socket.
         Starting Load Kernel Modules...
         Starting Uncomplicated firewall...
         Mounting Kernel Debug File System...
         Starting Set the console keyboard layout...
[    6.532336] Loading iSCSI transport class v2.0-870.
         Starting udev Coldplug all Devices...
         Mounting Huge Pages File System...
[    6.540733] iscsi: registered transport (tcp)
         Starting Remount Root and Kernel File Systems...
[[0;32m  OK  [0m] Listening on LVM2 metadata daemon socket.
         Starting Monitoring of LVM2 mirrorsâ€¦ng dmeventd or progress polling...
[[0;32m  OK  [0m] Listening on Journal Audit Socket.
         Starting Journal Service...
[[0;32m  OK  [0m] Started Forward Password Requests to Wall Directory Watch.
         Starting Create list of required stâ€¦ce nodes for the current kernel...
[[0;32m  OK  [0m] Reached target System Time Synchronized.
         Mounting POSIX Message Queue File System...
[[0;32m  OK  [0m] Started Uncomplicated firewall.
[[0;32m  OK  [0m] Started LVM2 metadata daemon.
[[0;32m  OK  [0m] Mounted Kernel Debug File System.
[[0;32m  OK  [0m] Mounted Huge Pages File System.
[[0;32m  OK  [0m] Mounted POSIX Message Queue File System.
[    6.634601] iscsi: registered transport (iser)
[[0;32m  OK  [0m] Started Load Kernel Modules.
[[0;32m  OK  [0m] Started Create list of required staâ€¦vice nodes for the current kernel.
         Starting Create Static Device Nodes in /dev...
         Starting Apply Kernel Variables...
         Mounting FUSE Control File System...
         Mounting Kernel Configuration File System...
[[0;32m  OK  [0m] Started udev Coldplug all Devices.
[[0;32m  OK  [0m] Mounted FUSE Control File System.
[[0;32m  OK  [0m] Started Journal Service.
[[    6.669588] EXT4-fs (sda1): re-mounted. Opts: (null)
[0;32m  OK  [0m] Mounted Kernel Configuration File System.
[[0;32m  OK  [0m] Started Remount Root and Kernel File Systems.
         Starting Flush Journal to Persistent Storage...
         Starting Load/Save Random Seed...
[[0;32m  OK  [0m] Started Monitoring of LVM2 mirrors,â€¦sing dmeventd or progress polling.
[[0;32m  OK  [0m] Started Load/Save Random Seed.
[[0;32m  OK  [0m] Started Apply Kernel Variables.
[[0;32m  OK  [0m] Started Create Static Device Nodes in /dev.
         Starting udev Kernel Device Manager...
[[0;32m  OK  [0m] Started Flush Journal to Persistent Storage.
[[0;32m  OK  [0m] Started udev Kernel Device Manager.
[[0;32m  OK  [0m] Found device /dev/ttyS0.
[[0;32m  OK  [0m] Listening on Load/Save RF Kill Switch Status /dev/rfkill Watch.
[[0;32m  OK  [0m] Started Set the console keyboard layout.
[[0;32m  OK  [0m] Reached target Local File Systems (Pre).
[[0;32m  OK  [0m] Reached target Local File Systems.
         Starting Commit a transient machine-id on disk...
         Starting Create Volatile Files and Directories...
         Starting Set console font and keymap...
         Starting AppArmor initialization...
         Starting ebtables ruleset management...
         Starting Tell Plymouth To Write Out Runtime Data...
[[0;32m  OK  [0m] Started Dispatch Password Requests to Console Directory Watch.
[[0;32m  OK  [0m] Reached target Local Encrypted Volumes.
[[0;32m  OK  [0m] Started Set console font and keymap.
[[0;32m  OK  [0m] Started Create Volatile Files and Directories.
         Starting Update UTMP about System Boot/Shutdown...
[[0;32m  OK  [0m] Started Tell Plymouth To Write Out Runtime Data.
[[0;32m  OK  [0m] Started Update UTMP about System Boot/Shutdown.
[[0;32m  OK  [0m] Started Commit a transient machine-id on disk.
[[0;32m  OK  [0m] Started ebtables ruleset management.
[[0;32m  OK  [0m] Started AppArmor initialization.
         Starting Initial cloud-init job (pre-networking)...
[    9.546621] cloud-init[636]: Cloud-init v. 19.2-36-g059d049c-0ubuntu2~18.04.1 running 'init-local' at Wed, 20 Nov 2019 15:08:03 +0000. Up 9.15 seconds.
[[0;32m  OK  [0m] Started Initial cloud-init job (pre-networking).
[[0;32m  OK  [0m] Reached target Network (Pre).
         Starting Network Service...
[[0;32m  OK  [0m] Started Network Service.
         Starting Wait for Network to be Configured...
         Starting Network Name Resolution...
[[0;32m  OK  [0m] Started Network Name Resolution.
[[0;32m  OK  [0m] Reached target Network.
[[0;32m  OK  [0m] Reached target Host and Network Name Lookups.
[[0;32m  OK  [0m] Started Wait for Network to be Configured.
         Starting Initial cloud-init job (metadata service crawler)...
[   11.302491] cloud-init[741]: Cloud-init v. 19.2-36-g059d049c-0ubuntu2~18.04.1 running 'init' at Wed, 20 Nov 2019 15:08:05 +0000. Up 11.16 seconds.
[   11.306202] cloud-init[741]: ci-info: ++++++++++++++++++++++++++++++++++++Net device info++++++++++++++++++++++++++++++++++++
[   11.309667] cloud-init[741]: ci-info: +--------+------+------------------------+---------------+--------+-------------------+
[   11.313823] cloud-init[741]: ci-info: | Device |  Up  |        Address         |      Mask     | Scope  |     Hw-Address    |
[   11.319220] cloud-init[741]: ci-info: +--------+------+------------------------+---------------+--------+-------------------+
[   11.323641] cloud-init[741]: ci-info: | enp0s3 | True |       10.0.2.15        | 255.255.255.0 | global | 02:00:53:70:0f:50 |
[   11.327800] cloud-init[741]: ci-info: | enp0s3 | True | fe80::53ff:fe70:f50/64 |       .       |  link  | 02:00:53:70:0f:50 |
[   11.330373] cloud-init[741]: ci-info: |   lo   | True |       127.0.0.1        |   255.0.0.0   |  host  |         .         |
[   11.334761] cloud-init[741]: ci-info: |   lo   | True |        ::1/128         |       .       |  host  |         .         |
[   11.338876] cloud-init[741]: ci-info: +--------+------+------------------------+---------------+--------+-------------------+
[   11.343009] cloud-init[741]: ci-info: ++++++++++++++++++++++++++++Route IPv4 info+++++++++++++++++++++++++++++
[   11.346753] cloud-init[741]: ci-info: +-------+-------------+----------+-----------------+-----------+-------+
[   11.350823] cloud-init[741]: ci-info: | Route | Destination | Gateway  |     Genmask     | Interface | Flags |
[   11.355568] cloud-init[741]: ci-info: +-------+-------------+----------+-----------------+-----------+-------+
[   11.359340] cloud-init[741]: ci-info: |   0   |   0.0.0.0   | 10.0.2.2 |     0.0.0.0     |   enp0s3  |   UG  |
[   11.363149] cloud-init[741]: ci-info: |   1   |   10.0.2.0  | 0.0.0.0  |  255.255.255.0  |   enp0s3  |   U   |
[   11.367063] cloud-init[741]: ci-info: |   2   |   10.0.2.2  | 0.0.0.0  | 255.255.255.255 |   enp0s3  |   UH  |
[   11.371705] cloud-init[741]: ci-info: +-------+-------------+----------+-----------------+-----------+-------+
[   11.375785] cloud-init[741]: ci-info: +++++++++++++++++++Route IPv6 info+++++++++++++++++++
[   11.378896] cloud-init[741]: ci-info: +-------+-------------+---------+-----------+-------+
[   11.382102] cloud-init[741]: ci-info: | Route | Destination | Gateway | Interface | Flags |
[   11.384580] cloud-init[741]: ci-info: +-------+-------------+---------+-----------+-------+
[   11.386864] cloud-init[741]: ci-info: |   1   |  fe80::/64  |    ::   |   enp0s3  |   U   |
[   11.389116] cloud-init[741]: ci-info: |   3   |    local    |    ::   |   enp0s3  |   U   |
[   11.391203] cloud-init[741]: ci-info: |   4   |   ff00::/8  |    ::   |   enp0s3  |   U   |
[   11.393567] cloud-init[741]: ci-info: +-------+-------------+---------+-----------+-------+
[   12.320601] cloud-init[741]: Generating public/private rsa key pair.
[   12.322994] cloud-init[741]: Your identification has been saved in /etc/ssh/ssh_host_rsa_key.
[   12.325824] cloud-init[741]: Your public key has been saved in /etc/ssh/ssh_host_rsa_key.pub.
[   12.329078] cloud-init[741]: The key fingerprint is:
[   12.331108] cloud-init[741]: SHA256:s04R3smpeeGl0oJggQhy+DbkzCQ72nk/Kza7SMs8/Fg root@ubuntu-bionic
[   12.334391] cloud-init[741]: The key's randomart image is:
[   12.344771] cloud-init[741]: +---[RSA 2048]----+
[   12.346493] cloud-init[741]: |o..              |
[   12.348283] cloud-init[741]: |=oo.             |
[   12.349953] cloud-init[741]: |.X. .   .        |
[   12.351599] cloud-init[741]: |o B  . . + o     |
[   12.353244] cloud-init[741]: |.+ oo   S * .    |
[   12.354911] cloud-init[741]: |. o... . O +     |
[   12.356665] cloud-init[741]: | ...E.. B =      |
[   12.358357] cloud-init[741]: | +o=+ oo +       |
[   12.360066] cloud-init[741]: |  *++=.o.        |
[   12.361809] cloud-init[741]: +----[SHA256]-----+
[   12.364133] cloud-init[741]: Generating public/private dsa key pair.
[   12.366637] cloud-init[741]: Your identification has been saved in /etc/ssh/ssh_host_dsa_key.
[   12.370150] cloud-init[741]: Your public key has been saved in /etc/ssh/ssh_host_dsa_key.pub.
[   12.374395] cloud-init[741]: The key fingerprint is:
[   12.377218] cloud-init[741]: SHA256:MKXb88P8UmoV/VuGSV1CuyMIo0Uwdo6hoF5NOnFm8xQ root@ubuntu-bionic
[   12.381197] cloud-init[741]: The key's randomart image is:
[   12.383902] cloud-init[741]: +---[DSA 1024]----+
[   12.385940] cloud-init[741]: |  .. *=E=    ..  |
[   12.388536] cloud-init[741]: | . .Oo+X      ...|
[   12.390763] cloud-init[741]: |.  +..=.=    ..o.|
[   12.393055] cloud-init[741]: |. . .  B o .. o..|
[   12.395797] cloud-init[741]: | .    o S . .oo+ |
[   12.398123] cloud-init[741]: |         =  o.o.+|
[   12.401061] cloud-init[741]: |          =+   .o|
[   12.403336] cloud-init[741]: |          +o   . |
[   12.416582] cloud-init[741]: |         . ..    |
[   12.419499] cloud-init[741]: +----[SHA256]-----+
[   12.422481] cloud-init[741]: Generating public/private ecdsa key pair.
[   12.425686] cloud-init[741]: Your identification has been saved in /etc/ssh/ssh_host_ecdsa_key.
[   12.429455] cloud-init[741]: Your public key has been saved in /etc/ssh/ssh_host_ecdsa_key.pub.
[   12.433238] cloud-init[741]: The key fingerprint is:
[   12.435566] cloud-init[741]: SHA256:9iG9fkRmDzHJSu2souiY0ifGI7NmSF2YLGBmqEinQL0 root@ubuntu-bionic
[   12.439719] cloud-init[741]: The key's randomart image is:
[   12.442700] cloud-init[741]: +---[ECDSA 256]---+
[   12.456303] cloud-init[741]: |o..        o .   |
[   12.457690] cloud-init[741]: |+= o      . *    |
[   12.458929] cloud-init[741]: |X + +    . + o   |
[   12.460000] cloud-init[741]: |oo E .   .. B    |
[   12.461696] cloud-init[741]: |  o .   S o= o   |
[   12.463504] cloud-init[741]: | . .   ..o.o. .  |
[   12.465093] cloud-init[741]: |oo   . . .o.     |
[   12.466987] cloud-init[741]: |=o*oo .  .  .    |
[   12.468941] cloud-init[741]: |+*o=.     ..     |
[   12.470769] cloud-init[741]: +----[SHA256]-----+
[   12.472654] cloud-init[741]: Generating public/private ed25519 key pair.
[   12.475263] cloud-init[741]: Your identification has been saved in /etc/ssh/ssh_host_ed25519_key.
[   12.478366] cloud-init[741]: Your public key has been saved in /etc/ssh/ssh_host_ed25519_key.pub.
[   12.481536] cloud-init[741]: The key fingerprint is:
[   12.483369] cloud-init[741]: SHA256:RE9HdWV8/sq6OlzYJzPnIt+g99pFA/vYaShpI4Nit20 root@ubuntu-bionic
[   12.486615] cloud-init[741]: The key's randomart image is:
[   12.488764] cloud-init[741]: +--[ED25519 256]--+
[   12.490400] cloud-init[741]: |        . ..o...=|
[   12.492231] cloud-init[741]: |       . o .   oo|
[   12.493879] cloud-init[741]: |        . .  . ..|
[   12.495474] cloud-init[741]: |       .      o .|
[   12.497099] cloud-init[741]: |        S  o . .o|
[   12.498970] cloud-init[741]: |        . . B B.+|
[   12.500759] cloud-init[741]: |     o o + *.@ *.|
[   12.502450] cloud-init[741]: |    . o oEB.=+=. |
[   12.504882] cloud-init[741]: |       ...o*=*+  |
[   12.507044] cloud-init[741]: +----[SHA256]-----+
[[0;32m  OK  [0m] Started Initial cloud-init job (metadata service crawler).
[[0;32m  OK  [0m] Reached target System Initialization.
[[0;32m  OK  [0m] Started ACPI Events Check.
         Starting Socket activation for snappy daemon.
         Starting LXD - unix socket.
[[0;32m  OK  [0m] Started Daily apt download activities.
[[0;32m  OK  [0m] Listening on ACPID Listen Socket.
[[0;32m  OK  [0m] Started Daily Cleanup of Temporary Directories.
[[0;32m  OK  [0m] Started Discard unused blocks once a week.
[[0;32m  OK  [0m] Started Message of the Day.
[[0;32m  OK  [0m] Listening on UUID daemon activation socket.
[[0;32m  OK  [0m] Reached target Paths.
[[0;32m  OK  [0m] Started Daily apt upgrade and clean activities.
[[0;32m  OK  [0m] Reached target Timers.
[[0;32m  OK  [0m] Listening on D-Bus System Message Bus Socket.
[[0;32m  OK  [0m] Listening on Open-iSCSI iscsid Socket.
[[0;32m  OK  [0m] Reached target Network is Online.
         Starting Availability of block devices...
[[0;32m  OK  [0m] Reached target Remote File Systems (Pre).
[[0;32m  OK  [0m] Reached target Remote File Systems.
[[0;32m  OK  [0m] Reached target Cloud-config availability.
[[0;32m  OK  [0m] Listening on Socket activation for snappy daemon.
[[0;32m  OK  [0m] Listening on LXD - unix socket.
[[0;32m  OK  [0m] Started Availability of block devices.
[[0;32m  OK  [0m] Reached target Sockets.
[[0;32m  OK  [0m] Reached target Basic System.
         Starting Virtualbox guest utils...
         Starting Permit User Sessions...
         Starting Accounts Service...
[[0;32m  OK  [0m] Started FUSE filesystem for LXC.
         Starting LSB: Record successful boot for GRUB...
[[0;32m  OK  [0m] Started Regular background program processing daemon.
[[0;32m  OK  [0m] Started Deferred execution scheduler.
         Starting Pollinate to seed the pseudo random number generator...
         Starting System Logging Service...
         Starting LXD - container startup/shutdown...
         Starting Dispatcher daemon for systemd-networkd...
         Starting LSB: automatic crash report generation...
[[0;32m  OK  [0m] Started irqbalance daemon.
[[0;32m  OK  [0m] Started D-Bus System Message Bus.
         Starting Login Service...
         Starting Snappy daemon...
[[0;32m  OK  [0m] Started System Logging Service.
[[0;32m  OK  [0m] Started Permit User Sessions.
         Starting Terminate Plymouth Boot Screen...
         Starting Hold until boot process finishes up...
[[0;32m  OK  [0m] Started Hold until boot process finishes up.
[[0;32m  OK  [0m] Started Terminate Plymouth Boot Screen.
[[0;32m  OK  [0m] Started Serial Getty on ttyS0.
         Starting Set console scheme...
[[0;32m  OK  [0m] Started Set console scheme.
[[0;32m  OK  [0m] Started Login Service.
[[0;32m  OK  [0m] Started Unattended Upgrades Shutdown.
[[0;32m  OK  [0m] Created slice system-getty.slice.
[[0;32m  OK  [0m] Started Getty on tty1.
[[0;32m  OK  [0m] Reached target Login Prompts.
         Starting Authorization Manager...
[[0;32m  OK  [0m] Started LSB: automatic crash report generation.
[[0;32m  OK  [0m] Started LSB: Record successful boot for GRUB.
[[0;32m  OK  [0m] Started Authorization Manager.
[[0;32m  OK  [0m] Started Accounts Service.
[[0;32m  OK  [0m] Started LXD - container startup/shutdown.
[[0;32m  OK  [0m] Started Virtualbox guest utils.
[[0;32m  OK  [0m] Started Dispatcher daemon for systemd-networkd.
[[0;32m  OK  [0m] Started Snappy daemon.
         Starting Wait until snapd is fully seeded...
[[0;32m  OK  [0m] Started Pollinate to seed the pseudo random number generator.
         Starting OpenBSD Secure Shell server...
[[0;32m  OK  [0m] Started OpenBSD Secure Shell server.
[[0;32m  OK  [0m] Created slice User Slice of vagrant.
         Starting User Manager for UID 1000...
[[0;32m  OK  [0m] Started Session 1 of user vagrant.
[[0;32m  OK  [0m] Started User Manager for UID 1000.

Ubuntu 18.04.3 LTS ubuntu-bionic ttyS0

ubuntu-bionic login: [   20.467390] cloud-init[1562]: Cloud-init v. 19.2-36-g059d049c-0ubuntu2~18.04.1 running 'modules:config' at Wed, 20 Nov 2019 15:08:14 +0000. Up 19.85 seconds.
ci-info: no authorized ssh keys fingerprints found for user ubuntu.
<14>Nov 20 15:08:15 ec2: 
<14>Nov 20 15:08:15 ec2: #############################################################
<14>Nov 20 15:08:15 ec2: -----BEGIN SSH HOST KEY FINGERPRINTS-----
<14>Nov 20 15:08:15 ec2: 1024 SHA256:MKXb88P8UmoV/VuGSV1CuyMIo0Uwdo6hoF5NOnFm8xQ root@ubuntu-bionic (DSA)
<14>Nov 20 15:08:15 ec2: 256 SHA256:9iG9fkRmDzHJSu2souiY0ifGI7NmSF2YLGBmqEinQL0 root@ubuntu-bionic (ECDSA)
<14>Nov 20 15:08:15 ec2: 256 SHA256:RE9HdWV8/sq6OlzYJzPnIt+g99pFA/vYaShpI4Nit20 root@ubuntu-bionic (ED25519)
<14>Nov 20 15:08:15 ec2: 2048 SHA256:s04R3smpeeGl0oJggQhy+DbkzCQ72nk/Kza7SMs8/Fg root@ubuntu-bionic (RSA)
<14>Nov 20 15:08:15 ec2: -----END SSH HOST KEY FINGERPRINTS-----
<14>Nov 20 15:08:15 ec2: #############################################################
-----BEGIN SSH HOST KEY KEYS-----
ecdsa-sha2-nistp256 AAAAE2VjZHNhLXNoYTItbmlzdHAyNTYAAAAIbmlzdHAyNTYAAABBBNP2gBHwR06awlHytI7FQzm+RNaZp1Z4eyBRCD9LQv1I6yA3ua7lg57UNWv5oNQHnLBYJfx+k8KCaEe5MiILqNg= root@ubuntu-bionic
ssh-ed25519 AAAAC3NzaC1lZDI1NTE5AAAAICNd+qpbLtiaPDoZHUam0NpJVcAhyhUOoencQkR2d3z7 root@ubuntu-bionic
ssh-rsa AAAAB3NzaC1yc2EAAAADAQABAAABAQDj1fGfnkY7F6h82B7dcFjypODTLfp3EWae6LRpkmrUzKi5y7911RmfyusR6CiLg0zQE+Ss4dlefi1bRPmuUQa3Z4BJEWzEmzA0TEynnPqH8EwkPH9Ud85QW8J8WLXaWHrUWM46/7vDh0cbXVX51I2qRi8C22rj80SVEbM/Pi7ctwi495V0gn00y14yvxYKFOp8+QDTLnYISuFSZfqdE90vXDVTz8bQOUtvgyQmZARPE5yiRy7ocewvVAnl+2QtCjkE4g5mqofCbQKO8f8rhDeAm06iKP5KjWGxA8hg7/DTO5eQGaPQ3SrNuTlC+DPJURP2Mtay80KkLUPb3LaYd5y5 root@ubuntu-bionic
-----END SSH HOST KEY KEYS-----
[   21.411468] cloud-init[1641]: Cloud-init v. 19.2-36-g059d049c-0ubuntu2~18.04.1 running 'modules:final' at Wed, 20 Nov 2019 15:08:15 +0000. Up 21.16 seconds.
[   21.416612] cloud-init[1641]: ci-info: no authorized ssh keys fingerprints found for user ubuntu.
[   21.419737] cloud-init[1641]: Cloud-init v. 19.2-36-g059d049c-0ubuntu2~18.04.1 finished at Wed, 20 Nov 2019 15:08:15 +0000. Datasource DataSourceNoCloud [seed=/dev/sdb][dsmode=net].  Up 21.37 seconds
[[0;32m  OK  [0m] Started Execute cloud user/final scripts.
[[0;32m  OK  [0m] Reached target Cloud-init target.
